time="2026-10-01T07:19:28-01:00" level=info msg="Running cmc from working directory <work>" service=cmcd
time="2026-10-01T07:19:28-01:00" level=info msg="Running cmc v0.9.15" service=cmcd
time="2026-10-01T07:19:28-01:00" level=info msg="SW Provisioning REQUIRED" service=swdriver
time="2026-10-01T07:19:28-01:00" level=info msg="Performing SW provisioning" service=swdriver
time="2026-10-01T07:19:28-01:00" level=info msg="Starting CMC gRPC Server on 127.0.0.1:44737" service=cmcd
time="2026-10-01T07:19:28-01:00" level=info msg="Waiting for grpc requests on 127.0.0.1:44737" service=cmcd
time="2026-10-01T07:19:29-01:00" level=info msg="Received grpc request type 'Verify'" service=cmcd
time="2026-10-01T07:19:29-01:00" level=info msg="SUCCESS: Verification for Prover <host> (2026-10-01T07:19:29.865358967-01:00)" service=ar
time="2026-10-01T07:19:29-01:00" level=info msg="Served grpc request type 'Verify'" service=cmcd
time="2026-10-01T07:19:29-01:00" level=info msg="Received grpc request type 'Attest'" service=cmcd
time="2026-10-01T07:19:29-01:00" level=info msg="Served grpc request type 'Attest'" service=cmcd
time="2026-10-01T07:19:29-01:00" level=info msg="Received grpc request type 'Verify'" service=cmcd
time="2026-10-01T07:19:29-01:00" level=info msg="SUCCESS: Verification for Prover <host> (2026-10-01T07:19:29.874430809-01:00)" service=ar
time="2026-10-01T07:19:29-01:00" level=info msg="Served grpc request type 'Verify'" service=cmcd
time="2026-10-01T07:19:30-01:00" level=info msg="Received grpc request type 'PeerCache'" service=cmcd
time="2026-10-01T07:19:30-01:00" level=info msg="Served grpc request type 'PeerCache'" service=cmcd
time="2026-10-01T07:19:30-01:00" level=info msg="Received grpc request type 'Attest'" service=cmcd
time="2026-10-01T07:19:30-01:00" level=info msg="Served grpc request type 'Attest'" service=cmcd
time="2026-10-01T07:19:30-01:00" level=info msg="Received grpc request type 'Verify'" service=cmcd
time="2026-10-01T07:19:30-01:00" level=info msg="SUCCESS: Verification for Prover <host> (2026-10-01T07:19:30.060202411-01:00)" service=ar
time="2026-10-01T07:19:30-01:00" level=info msg="Served grpc request type 'Verify'" service=cmcd
time="2026-10-01T07:19:32-01:00" level=info msg="Received grpc request type 'PeerCache'" service=cmcd
time="2026-10-01T07:19:32-01:00" level=info msg="Served grpc request type 'PeerCache'" service=cmcd
time="2026-10-01T07:19:32-01:00" level=info msg="Received grpc request type 'Attest'" service=cmcd
time="2026-10-01T07:19:32-01:00" level=info msg="Served grpc request type 'Attest'" service=cmcd
time="2026-10-01T07:19:32-01:00" level=info msg="Received grpc request type 'Verify'" service=cmcd
time="2026-10-01T07:19:32-01:00" level=info msg="SUCCESS: Verification for Prover <host> (2026-10-01T07:19:32.476972717-01:00)" service=ar
time="2026-10-01T07:19:32-01:00" level=info msg="Served grpc request type 'Verify'" service=cmcd
time="2026-10-01T07:19:32-01:00" level=info msg="Received grpc request type 'PeerCache'" service=cmcd
time="2026-10-01T07:19:32-01:00" level=info msg="Served grpc request type 'PeerCache'" service=cmcd
time="2026-10-01T07:19:32-01:00" level=info msg="Received grpc request type 'Attest'" service=cmcd
time="2026-10-01T07:19:32-01:00" level=info msg="Served grpc request type 'Attest'" service=cmcd
time="2026-10-01T07:19:32-01:00" level=info msg="Received grpc request type 'Verify'" service=cmcd
time="2026-10-01T07:19:32-01:00" level=info msg="SUCCESS: Verification for Prover <host> (2026-10-01T07:19:32.781420899-01:00)" service=ar
time="2026-10-01T07:19:32-01:00" level=info msg="Served grpc request type 'Verify'" service=cmcd
time="2026-10-01T07:19:34-01:00" level=info msg="Received grpc request type 'PeerCache'" service=cmcd
time="2026-10-01T07:19:34-01:00" level=info msg="Served grpc request type 'PeerCache'" service=cmcd
time="2026-10-01T07:19:34-01:00" level=info msg="Received grpc request type 'Attest'" service=cmcd
time="2026-10-01T07:19:34-01:00" level=info msg="Served grpc request type 'Attest'" service=cmcd
time="2026-10-01T07:19:34-01:00" level=info msg="Received grpc request type 'Verify'" service=cmcd
time="2026-10-01T07:19:34-01:00" level=info msg="SUCCESS: Verification for Prover <host> (2026-10-01T07:19:34.943361504-01:00)" service=ar
time="2026-10-01T07:19:34-01:00" level=info msg="Served grpc request type 'Verify'" service=cmcd
time="2026-10-01T07:19:35-01:00" level=info msg="Received grpc request type 'PeerCache'" service=cmcd
time="2026-10-01T07:19:35-01:00" level=info msg="Served grpc request type 'PeerCache'" service=cmcd
time="2026-10-01T07:19:35-01:00" level=info msg="Received grpc request type 'Attest'" service=cmcd
time="2026-10-01T07:19:35-01:00" level=info msg="Served grpc request type 'Attest'" service=cmcd
time="2026-10-01T07:19:35-01:00" level=info msg="Received grpc request type 'Verify'" service=cmcd
time="2026-10-01T07:19:35-01:00" level=info msg="SUCCESS: Verification for Prover <host> (2026-10-01T07:19:35.127294123-01:00)" service=ar
time="2026-10-01T07:19:35-01:00" level=info msg="Served grpc request type 'Verify'" service=cmcd
time="2026-10-01T07:19:45-01:00" level=info msg="Received grpc request type 'PeerCache'" service=cmcd
time="2026-10-01T07:19:45-01:00" level=info msg="Served grpc request type 'PeerCache'" service=cmcd
time="2026-10-01T07:19:45-01:00" level=info msg="Received grpc request type 'Attest'" service=cmcd
time="2026-10-01T07:19:45-01:00" level=info msg="Served grpc request type 'Attest'" service=cmcd
time="2026-10-01T07:19:45-01:00" level=info msg="Received grpc request type 'PeerCache'" service=cmcd
time="2026-10-01T07:19:45-01:00" level=info msg="Served grpc request type 'PeerCache'" service=cmcd
time="2026-10-01T07:19:45-01:00" level=info msg="Received grpc request type 'Attest'" service=cmcd
time="2026-10-01T07:19:45-01:00" level=info msg="Served grpc request type 'Attest'" service=cmcd
time="2026-10-01T07:19:45-01:00" level=info msg="Received grpc request type 'Verify'" service=cmcd
time="2026-10-01T07:19:45-01:00" level=info msg="SUCCESS: Verification for Prover <host> (2026-10-01T07:19:45.586430933-01:00)" service=ar
time="2026-10-01T07:19:45-01:00" level=info msg="Served grpc request type 'Verify'" service=cmcd
time="2026-10-01T07:19:45-01:00" level=info msg="Received grpc request type 'PeerCache'" service=cmcd
time="2026-10-01T07:19:45-01:00" level=info msg="Served grpc request type 'PeerCache'" service=cmcd
time="2026-10-01T07:19:45-01:00" level=info msg="Received grpc request type 'Attest'" service=cmcd
time="2026-10-01T07:19:45-01:00" level=info msg="Served grpc request type 'Attest'" service=cmcd
time="2026-10-01T07:19:45-01:00" level=info msg="Received grpc request type 'Verify'" service=cmcd
time="2026-10-01T07:19:45-01:00" level=info msg="SUCCESS: Verification for Prover <host> (2026-10-01T07:19:45.830303117-01:00)" service=ar
time="2026-10-01T07:19:45-01:00" level=info msg="Served grpc request type 'Verify'" service=cmcd
time="2026-10-01T07:19:47-01:00" level=info msg="Received grpc request type 'PeerCache'" service=cmcd
time="2026-10-01T07:19:47-01:00" level=info msg="Served grpc request type 'PeerCache'" service=cmcd
time="2026-10-01T07:19:49-01:00" level=info msg="Received grpc request type 'Attest'" service=cmcd
time="2026-10-01T07:19:49-01:00" level=info msg="Served grpc request type 'Attest'" service=cmcd
time="2026-10-01T07:19:50-01:00" level=info msg="Received grpc request type 'PeerCache'" service=cmcd
time="2026-10-01T07:19:50-01:00" level=info msg="Served grpc request type 'PeerCache'" service=cmcd
time="2026-10-01T07:19:50-01:00" level=info msg="Received grpc request type 'Attest'" service=cmcd
time="2026-10-01T07:19:50-01:00" level=info msg="Served grpc request type 'Attest'" service=cmcd
time="2026-10-01T07:19:50-01:00" level=info msg="Received grpc request type 'Verify'" service=cmcd
time="2026-10-01T07:19:50-01:00" level=info msg="SUCCESS: Verification for Prover <host> (2026-10-01T07:19:50.148614757-01:00)" service=ar
time="2026-10-01T07:19:50-01:00" level=info msg="Served grpc request type 'Verify'" service=cmcd
time="2026-10-01T07:19:52-01:00" level=info msg="Received grpc request type 'PeerCache'" service=cmcd
time="2026-10-01T07:19:52-01:00" level=info msg="Served grpc request type 'PeerCache'" service=cmcd
time="2026-10-01T07:19:52-01:00" level=info msg="Received grpc request type 'Attest'" service=cmcd
time="2026-10-01T07:19:52-01:00" level=info msg="Served grpc request type 'Attest'" service=cmcd
time="2026-10-01T07:19:52-01:00" level=info msg="Received grpc request type 'Verify'" service=cmcd
time="2026-10-01T07:19:52-01:00" level=info msg="SUCCESS: Verification for Prover <host> (2026-10-01T07:19:52.598313066-01:00)" service=ar
time="2026-10-01T07:19:52-01:00" level=info msg="Served grpc request type 'Verify'" service=cmcd
time="2026-10-01T07:19:56-01:00" level=info msg="Running cmc from working directory <work>" service=cmcd
time="2026-10-01T07:19:56-01:00" level=info msg="Running cmc v0.9.15" service=cmcd
time="2026-10-01T07:19:56-01:00" level=info msg="SW Provisioning NOT REQUIRED" service=swdriver
time="2026-10-01T07:19:56-01:00" level=info msg="Starting CMC gRPC Server on 127.0.0.1:44737" service=cmcd
time="2026-10-01T07:19:56-01:00" level=info msg="Waiting for grpc requests on 127.0.0.1:44737" service=cmcd
time="2026-10-01T07:19:56-01:00" level=info msg="Received grpc request type 'PeerCache'" service=cmcd
time="2026-10-01T07:19:56-01:00" level=info msg="Served grpc request type 'PeerCache'" service=cmcd
time="2026-10-01T07:19:56-01:00" level=info msg="Received grpc request type 'Attest'" service=cmcd
time="2026-10-01T07:19:56-01:00" level=info msg="Served grpc request type 'Attest'" service=cmcd
time="2026-10-01T07:19:56-01:00" level=info msg="Received grpc request type 'Verify'" service=cmcd
time="2026-10-01T07:19:56-01:00" level=info msg="SUCCESS: Verification for Prover <host> (2026-10-01T07:19:56.954679218-01:00)" service=ar
time="2026-10-01T07:19:56-01:00" level=info msg="Served grpc request type 'Verify'" service=cmcd
time="2026-10-01T07:19:59-01:00" level=info msg="Received grpc request type 'PeerCache'" service=cmcd
time="2026-10-01T07:19:59-01:00" level=info msg="Served grpc request type 'PeerCache'" service=cmcd
time="2026-10-01T07:19:59-01:00" level=info msg="Received grpc request type 'Attest'" service=cmcd
time="2026-10-01T07:19:59-01:00" level=info msg="Served grpc request type 'Attest'" service=cmcd
time="2026-10-01T07:19:59-01:00" level=info msg="Received grpc request type 'Verify'" service=cmcd
time="2026-10-01T07:19:59-01:00" level=info msg="SUCCESS: Verification for Prover <host> (2026-10-01T07:19:59.406169264-01:00)" service=ar
time="2026-10-01T07:19:59-01:00" level=info msg="Served grpc request type 'Verify'" service=cmcd
time="2026-10-01T07:20:24-01:00" level=info msg="Received grpc request type 'PeerCache'" service=cmcd
time="2026-10-01T07:20:24-01:00" level=info msg="Served grpc request type 'PeerCache'" service=cmcd
time="2026-10-01T07:20:24-01:00" level=info msg="Received grpc request type 'Attest'" service=cmcd
time="2026-10-01T07:20:24-01:00" level=info msg="Served grpc request type 'Attest'" service=cmcd
time="2026-10-01T07:20:24-01:00" level=info msg="Received grpc request type 'Verify'" service=cmcd
time="2026-10-01T07:20:24-01:00" level=info msg="SUCCESS: Verification for Prover <host> (2026-10-01T07:20:24.291449309-01:00)" service=ar
time="2026-10-01T07:20:24-01:00" level=info msg="Served grpc request type 'Verify'" service=cmcd
