time="2026-09-30T09:17:11-01:00" level=info msg="Running cmc from working directory <work>" service=cmcd
time="2026-09-30T09:17:11-01:00" level=info msg="Running cmc v0.9.15" service=cmcd
time="2026-09-30T09:17:11-01:00" level=info msg="SW Provisioning REQUIRED" service=swdriver
time="2026-09-30T09:17:11-01:00" level=info msg="Performing SW provisioning" service=swdriver
time="2026-09-30T09:17:11-01:00" level=info msg="Starting CMC gRPC Server on 127.0.0.1:58240" service=cmcd
time="2026-09-30T09:17:11-01:00" level=info msg="Waiting for grpc requests on 127.0.0.1:58240" service=cmcd
time="2026-09-30T09:17:12-01:00" level=info msg="Received grpc request type 'Attest'" service=cmcd
time="2026-09-30T09:17:12-01:00" level=info msg="Served grpc request type 'Attest'" service=cmcd
time="2026-09-30T09:17:12-01:00" level=info msg="Received grpc request type 'Verify'" service=cmcd
time="2026-09-30T09:17:12-01:00" level=info msg="SUCCESS: Verification for Prover <host> (2026-09-30T09:17:12.762910697-01:00)" service=ar
time="2026-09-30T09:17:12-01:00" level=info msg="Served grpc request type 'Verify'" service=cmcd
time="2026-09-30T09:17:12-01:00" level=info msg="Received grpc request type 'Verify'" service=cmcd
time="2026-09-30T09:17:12-01:00" level=info msg="SUCCESS: Verification for Prover <host> (2026-09-30T09:17:12.772867264-01:00)" service=ar
time="2026-09-30T09:17:12-01:00" level=info msg="Served grpc request type 'Verify'" service=cmcd
time="2026-09-30T09:17:12-01:00" level=info msg="Received grpc request type 'PeerCache'" service=cmcd
time="2026-09-30T09:17:12-01:00" level=info msg="Served grpc request type 'PeerCache'" service=cmcd
time="2026-09-30T09:17:12-01:00" level=info msg="Received grpc request type 'Attest'" service=cmcd
time="2026-09-30T09:17:12-01:00" level=info msg="Served grpc request type 'Attest'" service=cmcd
time="2026-09-30T09:17:12-01:00" level=info msg="Received grpc request type 'Verify'" service=cmcd
time="2026-09-30T09:17:12-01:00" level=info msg="SUCCESS: Verification for Prover <host> (2026-09-30T09:17:12.933308503-01:00)" service=ar
time="2026-09-30T09:17:12-01:00" level=info msg="Served grpc request type 'Verify'" service=cmcd
